// Jest Snapshot v1, https://goo.gl/fbAQLP

exports[`Button should render and be updated correctly 1`] = `
<div>
  <button
    class="button"
    type="submit"
  >
    Bot√£o
  </button>
</div>
`;
